// Jest Snapshot v1, https://goo.gl/fbAQLP

exports[`ShowAdsHistory tests basic tests matches the snapshot 1`] = `
.c0 {
  padding-top: 10px;
  text-align: right;
}

.c1 {
  cursor: pointer;
  display: inline-block;
  color: #696FDC;
  font-size: 13px;
  font-weight: normal;
  -webkit-letter-spacing: 0;
  -moz-letter-spacing: 0;
  -ms-letter-spacing: 0;
  letter-spacing: 0;
}

<div
  className="c0"
>
  <a
    className="c1"
  >
    MISSING: openAdsHistory
  </a>
</div>
`;
